// Jest Snapshot v1, https://goo.gl/fbAQLP

exports[`<NewRoomForm /> renders form snapshot without error message 1`] = `
Object {
  "asFragment": [Function],
  "baseElement": <body>
    <div>
      <form>
        <h3>
          Add New Room
        </h3>
        <div
          class="mb-3"
        >
          <label
            class="form-label"
            for="name"
          >
            Name:
          </label>
          <input
            class="form-control"
            id="name"
            minlength="2"
            name="name"
            placeholder="Enter room name"
            type="text"
            value=""
          />
        </div>
        <div
          class="mb-3"
        >
          <label
            class="col-form-label"
            for="description"
          >
            Description:
          </label>
          <input
            class="form-control"
            id="description"
            name="description"
            placeholder="Enter room description"
            type="text"
            value=""
          />
        </div>
        <div
          class="d-flex justify-content-end"
        >
          <button
            class="btn btn-secondary me-3"
          >
            Cancel
          </button>
          <button
            class="btn btn-primary"
            type="submit"
          >
            Create Room
          </button>
        </div>
      </form>
    </div>
  </body>,
  "container": <div>
    <form>
      <h3>
        Add New Room
      </h3>
      <div
        class="mb-3"
      >
        <label
          class="form-label"
          for="name"
        >
          Name:
        </label>
        <input
          class="form-control"
          id="name"
          minlength="2"
          name="name"
          placeholder="Enter room name"
          type="text"
          value=""
        />
      </div>
      <div
        class="mb-3"
      >
        <label
          class="col-form-label"
          for="description"
        >
          Description:
        </label>
        <input
          class="form-control"
          id="description"
          name="description"
          placeholder="Enter room description"
          type="text"
          value=""
        />
      </div>
      <div
        class="d-flex justify-content-end"
      >
        <button
          class="btn btn-secondary me-3"
        >
          Cancel
        </button>
        <button
          class="btn btn-primary"
          type="submit"
        >
          Create Room
        </button>
      </div>
    </form>
  </div>,
  "debug": [Function],
  "findAllByAltText": [Function],
  "findAllByDisplayValue": [Function],
  "findAllByLabelText": [Function],
  "findAllByPlaceholderText": [Function],
  "findAllByRole": [Function],
  "findAllByTestId": [Function],
  "findAllByText": [Function],
  "findAllByTitle": [Function],
  "findByAltText": [Function],
  "findByDisplayValue": [Function],
  "findByLabelText": [Function],
  "findByPlaceholderText": [Function],
  "findByRole": [Function],
  "findByTestId": [Function],
  "findByText": [Function],
  "findByTitle": [Function],
  "getAllByAltText": [Function],
  "getAllByDisplayValue": [Function],
  "getAllByLabelText": [Function],
  "getAllByPlaceholderText": [Function],
  "getAllByRole": [Function],
  "getAllByTestId": [Function],
  "getAllByText": [Function],
  "getAllByTitle": [Function],
  "getByAltText": [Function],
  "getByDisplayValue": [Function],
  "getByLabelText": [Function],
  "getByPlaceholderText": [Function],
  "getByRole": [Function],
  "getByTestId": [Function],
  "getByText": [Function],
  "getByTitle": [Function],
  "queryAllByAltText": [Function],
  "queryAllByDisplayValue": [Function],
  "queryAllByLabelText": [Function],
  "queryAllByPlaceholderText": [Function],
  "queryAllByRole": [Function],
  "queryAllByTestId": [Function],
  "queryAllByText": [Function],
  "queryAllByTitle": [Function],
  "queryByAltText": [Function],
  "queryByDisplayValue": [Function],
  "queryByLabelText": [Function],
  "queryByPlaceholderText": [Function],
  "queryByRole": [Function],
  "queryByTestId": [Function],
  "queryByText": [Function],
  "queryByTitle": [Function],
  "rerender": [Function],
  "unmount": [Function],
}
`;
