// Jest Snapshot v1, https://goo.gl/fbAQLP

exports[`<UserList /> displays user status list 1`] = `
Object {
  "asFragment": [Function],
  "baseElement": <body>
    <div>
      <ul
        class="cs-status-list cs-status-list--md"
        style="padding: 0px;"
      >
        <li>
          <div
            aria-selected=""
            class="cs-status cs-status--md cs-status--available cs-status--selected cs-status--named"
          >
            <div
              class="cs-status__bullet"
            />
            <div
              class="cs-status__name"
            >
              Janusz
            </div>
          </div>
        </li>
        <li>
          <div
            class="cs-status cs-status--md cs-status--available cs-status--named"
          >
            <div
              class="cs-status__bullet"
            />
            <div
              class="cs-status__name"
            >
              Grazyna
            </div>
          </div>
        </li>
        <li>
          <div
            class="cs-status cs-status--md cs-status--away cs-status--named"
          >
            <div
              class="cs-status__bullet"
            />
            <div
              class="cs-status__name"
            >
              Pioter
            </div>
          </div>
        </li>
        <li>
          <div
            class="cs-status cs-status--md cs-status--dnd cs-status--named"
          >
            <div
              class="cs-status__bullet"
            />
            <div
              class="cs-status__name"
            >
              Brajan
            </div>
          </div>
        </li>
      </ul>
    </div>
  </body>,
  "container": <div>
    <ul
      class="cs-status-list cs-status-list--md"
      style="padding: 0px;"
    >
      <li>
        <div
          aria-selected=""
          class="cs-status cs-status--md cs-status--available cs-status--selected cs-status--named"
        >
          <div
            class="cs-status__bullet"
          />
          <div
            class="cs-status__name"
          >
            Janusz
          </div>
        </div>
      </li>
      <li>
        <div
          class="cs-status cs-status--md cs-status--available cs-status--named"
        >
          <div
            class="cs-status__bullet"
          />
          <div
            class="cs-status__name"
          >
            Grazyna
          </div>
        </div>
      </li>
      <li>
        <div
          class="cs-status cs-status--md cs-status--away cs-status--named"
        >
          <div
            class="cs-status__bullet"
          />
          <div
            class="cs-status__name"
          >
            Pioter
          </div>
        </div>
      </li>
      <li>
        <div
          class="cs-status cs-status--md cs-status--dnd cs-status--named"
        >
          <div
            class="cs-status__bullet"
          />
          <div
            class="cs-status__name"
          >
            Brajan
          </div>
        </div>
      </li>
    </ul>
  </div>,
  "debug": [Function],
  "findAllByAltText": [Function],
  "findAllByDisplayValue": [Function],
  "findAllByLabelText": [Function],
  "findAllByPlaceholderText": [Function],
  "findAllByRole": [Function],
  "findAllByTestId": [Function],
  "findAllByText": [Function],
  "findAllByTitle": [Function],
  "findByAltText": [Function],
  "findByDisplayValue": [Function],
  "findByLabelText": [Function],
  "findByPlaceholderText": [Function],
  "findByRole": [Function],
  "findByTestId": [Function],
  "findByText": [Function],
  "findByTitle": [Function],
  "getAllByAltText": [Function],
  "getAllByDisplayValue": [Function],
  "getAllByLabelText": [Function],
  "getAllByPlaceholderText": [Function],
  "getAllByRole": [Function],
  "getAllByTestId": [Function],
  "getAllByText": [Function],
  "getAllByTitle": [Function],
  "getByAltText": [Function],
  "getByDisplayValue": [Function],
  "getByLabelText": [Function],
  "getByPlaceholderText": [Function],
  "getByRole": [Function],
  "getByTestId": [Function],
  "getByText": [Function],
  "getByTitle": [Function],
  "queryAllByAltText": [Function],
  "queryAllByDisplayValue": [Function],
  "queryAllByLabelText": [Function],
  "queryAllByPlaceholderText": [Function],
  "queryAllByRole": [Function],
  "queryAllByTestId": [Function],
  "queryAllByText": [Function],
  "queryAllByTitle": [Function],
  "queryByAltText": [Function],
  "queryByDisplayValue": [Function],
  "queryByLabelText": [Function],
  "queryByPlaceholderText": [Function],
  "queryByRole": [Function],
  "queryByTestId": [Function],
  "queryByText": [Function],
  "queryByTitle": [Function],
  "rerender": [Function],
  "unmount": [Function],
}
`;
